Time resolution is 1 ps
 Block Memory Generator module loading initial data...
 Block Memory Generator data initialization complete.
Block Memory Generator module tb.RISC.IM.IM.inst.native_mem_module.blk_mem_gen_v8_4_8_inst is using a behavioral model for simulation which will not precisely model memory collision behavior.
 Block Memory Generator module loading initial data...
 Block Memory Generator data initialization complete.
Block Memory Generator module tb.RISC.DM.DM.inst.native_mem_module.blk_mem_gen_v8_4_8_inst is using a behavioral model for simulation which will not precisely model memory collision behavior.
StackOP: xx
StackOP: 00
StackOP: 00
StackOP: 00
StackOP: 00
StackOP: 00
StackOP: 00
StackOP: 00
StackOP: 00
StackOP: 00
StackOP: 00
StackOP: 00
StackOP: 00
StackOP: 00
StackOP: 00
StackOP: 00
StackOP: 00
StackOP: 00
StackOP: 00
StackOP: 00
StackOP: 00
StackOP: 00
StackOP: 00
StackOP: 00
StackOP: 00
StackOP: 00
StackOP: 00
StackOP: 00
StackOP: 00
StackOP: 00
StackOP: 00
StackOP: 00
StackOP: 00
StackOP: 00
StackOP: 00
StackOP: 00
StackOP: 00
StackOP: 00
StackOP: 00
StackOP: 00
StackOP: 00
StackOP: 00
StackOP: 00
StackOP: 00
StackOP: 00
StackOP: 00
StackOP: 00
StackOP: 00
StackOP: 00
StackOP: 00
StackOP: 00
StackOP: 00
StackOP: 00
StackOP: 00
StackOP: 00
StackOP: 00
StackOP: 00
StackOP: 00
StackOP: 00
StackOP: 00
StackOP: 00
StackOP: 00
StackOP: 00
StackOP: 00
StackOP: 00
StackOP: 00
StackOP: 00
StackOP: 00
StackOP: 00
StackOP: 00
StackOP: 00
StackOP: 00
StackOP: 00
StackOP: 00
StackOP: 00
StackOP: 00
StackOP: 00
StackOP: 00
StackOP: 00
StackOP: 00
StackOP: 00
StackOP: 00
StackOP: 00
StackOP: 00
StackOP: 00
StackOP: 00
StackOP: 00
StackOP: 00
StackOP: 00
StackOP: 00
StackOP: 00
StackOP: 00
StackOP: 00
StackOP: 00
StackOP: 00
StackOP: 00
StackOP: 00
StackOP: 00
StackOP: 00
StackOP: 00
StackOP: 00
StackOP: 00
StackOP: 00
StackOP: 00
StackOP: 00
StackOP: 00
StackOP: 00
StackOP: 00
StackOP: 00
StackOP: 00
StackOP: 00
StackOP: 00
StackOP: 00
StackOP: 00
StackOP: 00
StackOP: 00
StackOP: 00
StackOP: 00
StackOP: 00
StackOP: 00
StackOP: 00
StackOP: 00
StackOP: 00
StackOP: 00
StackOP: 00
StackOP: 00
StackOP: 00
StackOP: 00
StackOP: 00
StackOP: 00
StackOP: 00
StackOP: 00
StackOP: 00
StackOP: 00
StackOP: 00
StackOP: 00
StackOP: 00
StackOP: 00
StackOP: 00
StackOP: 00
StackOP: 00
StackOP: 00
StackOP: 00
StackOP: 00
StackOP: 00
StackOP: 00
StackOP: 00
StackOP: 00
StackOP: 00
StackOP: 00
StackOP: 00
StackOP: 00
StackOP: 00
StackOP: 00
StackOP: 00
StackOP: 00
StackOP: 00
StackOP: 00
StackOP: 00
StackOP: 00
StackOP: 00
StackOP: 00
StackOP: 00
StackOP: 00
StackOP: 00
StackOP: 00
StackOP: 00
StackOP: 00
StackOP: 00
StackOP: 00
StackOP: 00
StackOP: 00
StackOP: 00
StackOP: 00
StackOP: 00
StackOP: 00
StackOP: 00
StackOP: 00
StackOP: 00
StackOP: 00
StackOP: 00
StackOP: 00
StackOP: 00
StackOP: 00
StackOP: 00
StackOP: 00
StackOP: 00
StackOP: 00
StackOP: 00
StackOP: 00
StackOP: 00
StackOP: 00
StackOP: 00
StackOP: 00
StackOP: 00
StackOP: 00
StackOP: 00
StackOP: 00
StackOP: 00
StackOP: 00
StackOP: 00
StackOP: 00
StackOP: 00
StackOP: 00
StackOP: 00
StackOP: 00
StackOP: 00
StackOP: 00
StackOP: 00
StackOP: 00
StackOP: 00
StackOP: 00
